// Jest Snapshot v1, https://goo.gl/fbAQLP

exports[`cardTest rendersAsExpected 1`] = `
<div
  className="Card"
>
  <button
    type="button"
  >
    delete
  </button>
  <h3>
    testTitle
  </h3>
  <p>
    testContent
  </p>
</div>
`;
